// Jest Snapshot v1, https://goo.gl/fbAQLP

exports[`article test snapshot 1`] = `
Object {
  "asFragment": [Function],
  "baseElement": <body>
    <div>
      <a
        class="post"
        href="http://localhost/article"
      >
        <div
          class="header"
        >
          Test Article
        </div>
        <div
          class="imageWrapper"
        >
          <img
            alt="Test Article"
            class="image"
            src="http://localhost/img"
          />
        </div>
        <div
          class="summary"
        >
          Text about this article
        </div>
        <div
          class="bottom"
        >
          <div
            class="source"
          >
            CCB
          </div>
          <div
            class="date"
          >
            Invalid Date
          </div>
        </div>
      </a>
    </div>
  </body>,
  "container": <div>
    <a
      class="post"
      href="http://localhost/article"
    >
      <div
        class="header"
      >
        Test Article
      </div>
      <div
        class="imageWrapper"
      >
        <img
          alt="Test Article"
          class="image"
          src="http://localhost/img"
        />
      </div>
      <div
        class="summary"
      >
        Text about this article
      </div>
      <div
        class="bottom"
      >
        <div
          class="source"
        >
          CCB
        </div>
        <div
          class="date"
        >
          Invalid Date
        </div>
      </div>
    </a>
  </div>,
  "debug": [Function],
  "findAllByAltText": [Function],
  "findAllByDisplayValue": [Function],
  "findAllByLabelText": [Function],
  "findAllByPlaceholderText": [Function],
  "findAllByRole": [Function],
  "findAllByTestId": [Function],
  "findAllByText": [Function],
  "findAllByTitle": [Function],
  "findByAltText": [Function],
  "findByDisplayValue": [Function],
  "findByLabelText": [Function],
  "findByPlaceholderText": [Function],
  "findByRole": [Function],
  "findByTestId": [Function],
  "findByText": [Function],
  "findByTitle": [Function],
  "getAllByAltText": [Function],
  "getAllByDisplayValue": [Function],
  "getAllByLabelText": [Function],
  "getAllByPlaceholderText": [Function],
  "getAllByRole": [Function],
  "getAllByTestId": [Function],
  "getAllByText": [Function],
  "getAllByTitle": [Function],
  "getByAltText": [Function],
  "getByDisplayValue": [Function],
  "getByLabelText": [Function],
  "getByPlaceholderText": [Function],
  "getByRole": [Function],
  "getByTestId": [Function],
  "getByText": [Function],
  "getByTitle": [Function],
  "queryAllByAltText": [Function],
  "queryAllByDisplayValue": [Function],
  "queryAllByLabelText": [Function],
  "queryAllByPlaceholderText": [Function],
  "queryAllByRole": [Function],
  "queryAllByTestId": [Function],
  "queryAllByText": [Function],
  "queryAllByTitle": [Function],
  "queryByAltText": [Function],
  "queryByDisplayValue": [Function],
  "queryByLabelText": [Function],
  "queryByPlaceholderText": [Function],
  "queryByRole": [Function],
  "queryByTestId": [Function],
  "queryByText": [Function],
  "queryByTitle": [Function],
  "rerender": [Function],
  "unmount": [Function],
}
`;
